// Jest Snapshot v1, https://goo.gl/fbAQLP

exports[`Tag render 1`] = `
<span
  class="cui-tag"
>
  test
</span>
`;
